// Jest Snapshot v1, https://goo.gl/fbAQLP

exports[`Testing the GiftGridItem component should show the component GifGridItem 1`] = `
<div
  className="card animate__animated animate__fadeIn"
>
  <img
    alt="Titulo1"
    src="https://localhost/something.jpg"
  />
  <p>
     
    Titulo1
     
  </p>
</div>
`;
